# Website Audit Report - LLM Fix Instructions
## URL: https://ai-dream-blog.vercel.app/
## Overall Score: 93/100

### SCORES BREAKDOWN
- Performance: 100/100
- Security: 100/100
- SEO: 100/100
- Accessibility: 76/100
- Code Quality: 75/100

### TECH STACK DETECTED
- Vercel (hosting, 70% confidence)
- Next.js (framework, 55% confidence)
- Webflow (cms, 20% confidence)
- Tailwind CSS (library, 20% confidence)

---

## CRITICAL FIXES REQUIRED

### SECURITY ISSUES (1 issues)

#### [INFO] Server Information Disclosure
- **Problem:** Server version information can help attackers find vulnerabilities.
- **Fix:** Remove or obfuscate Server and X-Powered-By headers.


### ACCESSIBILITY ISSUES (1 violations)

#### [SERIOUS] Ensure the contrast between foreground and background colors meets WCAG 2 AA minimum contrast ratio thresholds
- **Rule:** color-contrast
- **Fix:** Elements must meet minimum color contrast ratio thresholds
- **Elements Affected:** 4 elements
- **CSS Selectors:**
```css
.md\:grid-cols-3 > div:nth-child(2) > .items-start.gap-4.group > .min-w-0.flex-1 > p
div:nth-child(3) > .items-start.gap-4.group > .text-4xl.font-bold.font-display
.md\:grid-cols-3 > div:nth-child(3) > .items-start.gap-4.group > .min-w-0.flex-1 > .mb-1
.md\:grid-cols-3 > div:nth-child(3) > .items-start.gap-4.group > .min-w-0.flex-1 > p
```
- **Details:** Fix any of the following:
  Element has insufficient color contrast of 3.67 (foreground color: #878581, background color: #fffffd, font size: 10.5pt (14px), font weight: normal). Expected contrast ratio of 4.5:1
- **Reference:** https://dequeuniversity.com/rules/axe/4.11/color-contrast?application=playwright

### CODE QUALITY ISSUES (5 issues)

#### [CONSOLE_ERROR] Failed to fetch RSC payload for https://ai-dream-blog.vercel.app/category/sleep-tips. Falling back t

- **Count:** 1

#### [CONSOLE_ERROR] Failed to fetch RSC payload for https://ai-dream-blog.vercel.app/category/dream-stories. Falling bac

- **Count:** 1

#### [CONSOLE_ERROR] Failed to fetch RSC payload for https://ai-dream-blog.vercel.app/post/mirror-city-dream-authentic-se

- **Count:** 1

#### [CONSOLE_ERROR] Failed to fetch RSC payload for https://ai-dream-blog.vercel.app/category/symbolism. Falling back to

- **Count:** 1

#### [CONSOLE_ERROR] Failed to fetch RSC payload for https://ai-dream-blog.vercel.app/category/dream-science. Falling bac

- **Count:** 1

### PERFORMANCE METRICS

- ✅ **First Contentful Paint:** 0.4 s (score: 100/100)
- ✅ **Largest Contentful Paint:** 0.7 s (score: 98/100)
- ✅ **Total Blocking Time:** 10 ms (score: 100/100)
- ✅ **Cumulative Layout Shift:** 0 (score: 100/100)
- ✅ **Speed Index:** 0.7 s (score: 100/100)
- ✅ **Time to Interactive:** 0.7 s (score: 100/100)

---

## INSTRUCTIONS FOR AI ASSISTANT

Please analyze this report and provide specific code fixes for each issue. For each fix:
1. Identify the exact file(s) that need to be modified
2. Provide the exact code changes needed
3. Explain why the change fixes the issue

Prioritize fixes in this order:
1. Critical/High security issues
2. Serious accessibility violations
3. Performance issues under 50
4. SEO issues
5. Code quality issues

Start with the highest priority items and work through the list.